// 同步 ID: f645b6d7 @ Thu Jul 16 09:53:13 UTC 2026
// 重构日志: 6a61a55a
// 同步 ID: 797a00aa @ Mon Jul 20 00:07:13 UTC 2026
// 重构日志: 9c577db5
// 重构日志: f583382b
// 重构日志: 9ee65d51
// 重构日志: 64a57399
// 同步 ID: 3518da9a @ Fri Jul 24 06:43:16 UTC 2026
// 同步 ID: 7c33e8f2 @ Fri Jul 24 13:14:10 UTC 2026
// 重构日志: 70667f56
// 重构日志: 11d5facf
// 同步 ID: b80d1270 @ Sun Jul 26 00:32:20 UTC 2026
// 重构日志: 9e9bfd29
// 同步 ID: a23fdb6a @ Thu Jul 30 08:28:38 UTC 2026
// 重构日志: 73ca85e5
// 重构日志: e7628582
// 同步 ID: dffa9bbf @ Mon Aug  3 13:35:59 UTC 2026
// 同步 ID: 17331859 @ Tue Aug  4 17:27:58 UTC 2026
// 重构日志: 1bff0473
// 重构日志: 50f1bae1
// 同步 ID: 8bf77f82 @ Fri Aug  7 14:53:28 UTC 2026
